[blog.desdelinux.net/mas-de-400-comandos-para-gnulinux-que-deberias-conocer/index.html]
[backblue.gif]
[fade.gif]
[index.html]
[blog.desdelinux.net/wp-content/uploads/2014/05/Comandos.jpg]
[blog.desdelinux.net/wp-content/plugins/AB table-of-contents-plus/screen.min.css]
[blog.desdelinux.net/wp-includes/css/dashicons.min.css]
[blog.desdelinux.net/mas-de-400-comandos-para-gnulinux-que-deberias-conocer/amp/index.html]
[blog.desdelinux.net/wp-content/plugins/abn-simple-alert-boxes/css/simple-alert-boxes.css]
[blog.desdelinux.net/wp-content/plugins/contact-form-7/includes/css/styles.css]
[blog.desdelinux.net/wp-content/plugins/responsive-lightbox-pro/assets/nivo-lightbox/nivo-lightbox.css]
[blog.desdelinux.net/wp-content/plugins/responsive-lightbox-pro/assets/nivo-lightbox/themes/default/default.css]
[blog.desdelinux.net/wp-content/themes/abn/css/normalize.css]
[blog.desdelinux.net/wp-content/themes/abn/style74ce.css]
[blog.desdelinux.net/wp-content/themes/abn/css/fontawesome-all.min.css]
[blog.desdelinux.net/wp-content/plugins/newsletter/style.css]
[blog.desdelinux.net/wp-includes/js/jquery/jquery.js]
[blog.desdelinux.net/mas-de-400-comandos-para-gnulinux-que-deberias-conocer/index.html]
[blog.desdelinux.net/mas-de-400-comandos-para-gnulinux-que-deberias-conocer/amp/index.html]
[blog.desdelinux.net/wp-content/plugins/AB table-of-contents-plus/screen.min.css]
[blog.desdelinux.net/wp-includes/css/dashicons.min.css]
[blog.desdelinux.net/wp-content/plugins/abn-simple-alert-boxes/css/simple-alert-boxes.css]
[blog.desdelinux.net/wp-content/plugins/contact-form-7/includes/css/styles.css]
[blog.desdelinux.net/wp-content/plugins/responsive-lightbox-pro/assets/nivo-lightbox/nivo-lightbox.css]
[blog.desdelinux.net/wp-content/plugins/responsive-lightbox-pro/assets/nivo-lightbox/themes/default/default.css]
[blog.desdelinux.net/wp-content/themes/abn/css/normalize.css]
[blog.desdelinux.net/wp-content/themes/abn/style74ce.css]
[blog.desdelinux.net/wp-content/themes/abn/css/fontawesome-all.min.css]
[blog.desdelinux.net/wp-content/plugins/newsletter/style.css]
[blog.desdelinux.net/wp-includes/js/jquery/jquery-migrate.min.html]
